.class private auto ansi beforefieldinit AssemblyToProcess.Issue1
extends [System.Runtime]System.Object
{
.class auto ansi sealed nested private beforefieldinit '<WithReaderAndWriter>d__0'
extends [System.Runtime]System.ValueType
implements [System.Threading.Tasks]System.Runtime.CompilerServices.IAsyncStateMachine
{
.field public int32 '<>1__state'
.field public valuetype [System.Threading.Tasks]System.Runtime.CompilerServices.AsyncTaskMethodBuilder '<>t__builder'
.field public class [System.Runtime.Extensions]System.IO.TextWriter writer
.field public class [System.Runtime.Extensions]System.IO.StreamReader reader
.field private valuetype [netstandard]System.Runtime.CompilerServices.ConfiguredTaskAwaitable/ConfiguredTaskAwaiter '<>u__1'
.field private valuetype [netstandard]System.Runtime.CompilerServices.ConfiguredTaskAwaitable`1/ConfiguredTaskAwaiter<string> '<>u__2'
.method private hidebysig newslot virtual final
instance void  MoveNext() cil managed
{
.override [System.Threading.Tasks]System.Runtime.CompilerServices.IAsyncStateMachine::MoveNext
.maxstack  3
.locals init (int32 V_0,
string V_1,
valuetype [netstandard]System.Runtime.CompilerServices.ConfiguredTaskAwaitable/ConfiguredTaskAwaiter V_2,
valuetype [netstandard]System.Runtime.CompilerServices.ConfiguredTaskAwaitable V_3,
valuetype [netstandard]System.Runtime.CompilerServices.ConfiguredTaskAwaitable`1<string> V_4,
valuetype [netstandard]System.Runtime.CompilerServices.ConfiguredTaskAwaitable`1/ConfiguredTaskAwaiter<string> V_5,
class [System.Runtime]System.Exception V_6)
IL_0000:  ldarg.0
IL_0001:  ldfld      int32 AssemblyToProcess.Issue1/'<WithReaderAndWriter>d__0'::'<>1__state'
IL_0006:  stloc.0
.try
{
IL_0007:  ldloc.0
IL_0008:  brfalse.s  IL_005a
IL_000a:  ldloc.0
IL_000b:  ldc.i4.1
IL_000c:  beq        IL_00c3
IL_0011:  br.s       IL_007d
IL_0013:  ldarg.0
IL_0014:  ldfld      class [System.Runtime.Extensions]System.IO.TextWriter AssemblyToProcess.Issue1/'<WithReaderAndWriter>d__0'::writer
IL_0019:  ldloc.1
IL_001a:  callvirt   instance class [System.Runtime]System.Threading.Tasks.Task [System.Runtime.Extensions]System.IO.TextWriter::WriteLineAsync(string)
IL_001f:  ldc.i4.0
IL_0020:  callvirt   instance valuetype [netstandard]System.Runtime.CompilerServices.ConfiguredTaskAwaitable [netstandard]System.Threading.Tasks.Task::ConfigureAwait(bool)
IL_0025:  stloc.3
IL_0026:  ldloca.s   V_3
IL_0028:  call       instance valuetype [netstandard]System.Runtime.CompilerServices.ConfiguredTaskAwaitable/ConfiguredTaskAwaiter [netstandard]System.Runtime.CompilerServices.ConfiguredTaskAwaitable::GetAwaiter()
IL_002d:  stloc.2
IL_002e:  ldloca.s   V_2
IL_0030:  call       instance bool [netstandard]System.Runtime.CompilerServices.ConfiguredTaskAwaitable/ConfiguredTaskAwaiter::get_IsCompleted()
IL_0035:  brtrue.s   IL_0076
IL_0037:  ldarg.0
IL_0038:  ldc.i4.0
IL_0039:  dup
IL_003a:  stloc.0
IL_003b:  stfld      int32 AssemblyToProcess.Issue1/'<WithReaderAndWriter>d__0'::'<>1__state'
IL_0040:  ldarg.0
IL_0041:  ldloc.2
IL_0042:  stfld      valuetype [netstandard]System.Runtime.CompilerServices.ConfiguredTaskAwaitable/ConfiguredTaskAwaiter AssemblyToProcess.Issue1/'<WithReaderAndWriter>d__0'::'<>u__1'
IL_0047:  ldarg.0
IL_0048:  ldflda     valuetype [System.Threading.Tasks]System.Runtime.CompilerServices.AsyncTaskMethodBuilder AssemblyToProcess.Issue1/'<WithReaderAndWriter>d__0'::'<>t__builder'
IL_004d:  ldloca.s   V_2
IL_004f:  ldarg.0
IL_0050:  call       instance void [System.Threading.Tasks]System.Runtime.CompilerServices.AsyncTaskMethodBuilder::AwaitUnsafeOnCompleted<valuetype [netstandard]System.Runtime.CompilerServices.ConfiguredTaskAwaitable/ConfiguredTaskAwaiter,valuetype AssemblyToProcess.Issue1/'<WithReaderAndWriter>d__0'>(!!0&,
!!1&)
IL_0055:  leave      IL_011c
IL_005a:  ldarg.0
IL_005b:  ldfld      valuetype [netstandard]System.Runtime.CompilerServices.ConfiguredTaskAwaitable/ConfiguredTaskAwaiter AssemblyToProcess.Issue1/'<WithReaderAndWriter>d__0'::'<>u__1'
IL_0060:  stloc.2
IL_0061:  ldarg.0
IL_0062:  ldflda     valuetype [netstandard]System.Runtime.CompilerServices.ConfiguredTaskAwaitable/ConfiguredTaskAwaiter AssemblyToProcess.Issue1/'<WithReaderAndWriter>d__0'::'<>u__1'
IL_0067:  initobj    [netstandard]System.Runtime.CompilerServices.ConfiguredTaskAwaitable/ConfiguredTaskAwaiter
IL_006d:  ldarg.0
IL_006e:  ldc.i4.m1
IL_006f:  dup
IL_0070:  stloc.0
IL_0071:  stfld      int32 AssemblyToProcess.Issue1/'<WithReaderAndWriter>d__0'::'<>1__state'
IL_0076:  ldloca.s   V_2
IL_0078:  call       instance void [netstandard]System.Runtime.CompilerServices.ConfiguredTaskAwaitable/ConfiguredTaskAwaiter::GetResult()
IL_007d:  ldarg.0
IL_007e:  ldfld      class [System.Runtime.Extensions]System.IO.StreamReader AssemblyToProcess.Issue1/'<WithReaderAndWriter>d__0'::reader
IL_0083:  callvirt   instance class [System.Runtime]System.Threading.Tasks.Task`1<string> [System.Runtime.Extensions]System.IO.TextReader::ReadLineAsync()
IL_0088:  ldc.i4.0
IL_0089:  callvirt   instance valuetype [netstandard]System.Runtime.CompilerServices.ConfiguredTaskAwaitable`1<!0> class [netstandard]System.Threading.Tasks.Task`1<string>::ConfigureAwait(bool)
IL_008e:  stloc.s    V_4
IL_0090:  ldloca.s   V_4
IL_0092:  call       instance valuetype [netstandard]System.Runtime.CompilerServices.ConfiguredTaskAwaitable`1/ConfiguredTaskAwaiter<!0> valuetype [netstandard]System.Runtime.CompilerServices.ConfiguredTaskAwaitable`1<string>::GetAwaiter()
IL_0097:  stloc.s    V_5
IL_0099:  ldloca.s   V_5
IL_009b:  call       instance bool valuetype [netstandard]System.Runtime.CompilerServices.ConfiguredTaskAwaitable`1/ConfiguredTaskAwaiter<string>::get_IsCompleted()
IL_00a0:  brtrue.s   IL_00e0
IL_00a2:  ldarg.0
IL_00a3:  ldc.i4.1
IL_00a4:  dup
IL_00a5:  stloc.0
IL_00a6:  stfld      int32 AssemblyToProcess.Issue1/'<WithReaderAndWriter>d__0'::'<>1__state'
IL_00ab:  ldarg.0
IL_00ac:  ldloc.s    V_5
IL_00ae:  stfld      valuetype [netstandard]System.Runtime.CompilerServices.ConfiguredTaskAwaitable`1/ConfiguredTaskAwaiter<string> AssemblyToProcess.Issue1/'<WithReaderAndWriter>d__0'::'<>u__2'
IL_00b3:  ldarg.0
IL_00b4:  ldflda     valuetype [System.Threading.Tasks]System.Runtime.CompilerServices.AsyncTaskMethodBuilder AssemblyToProcess.Issue1/'<WithReaderAndWriter>d__0'::'<>t__builder'
IL_00b9:  ldloca.s   V_5
IL_00bb:  ldarg.0
IL_00bc:  call       instance void [System.Threading.Tasks]System.Runtime.CompilerServices.AsyncTaskMethodBuilder::AwaitUnsafeOnCompleted<valuetype [netstandard]System.Runtime.CompilerServices.ConfiguredTaskAwaitable`1/ConfiguredTaskAwaiter<string>,valuetype AssemblyToProcess.Issue1/'<WithReaderAndWriter>d__0'>(!!0&,
!!1&)
IL_00c1:  leave.s    IL_011c
IL_00c3:  ldarg.0
IL_00c4:  ldfld      valuetype [netstandard]System.Runtime.CompilerServices.ConfiguredTaskAwaitable`1/ConfiguredTaskAwaiter<string> AssemblyToProcess.Issue1/'<WithReaderAndWriter>d__0'::'<>u__2'
IL_00c9:  stloc.s    V_5
IL_00cb:  ldarg.0
IL_00cc:  ldflda     valuetype [netstandard]System.Runtime.CompilerServices.ConfiguredTaskAwaitable`1/ConfiguredTaskAwaiter<string> AssemblyToProcess.Issue1/'<WithReaderAndWriter>d__0'::'<>u__2'
IL_00d1:  initobj    valuetype [netstandard]System.Runtime.CompilerServices.ConfiguredTaskAwaitable`1/ConfiguredTaskAwaiter<string>
IL_00d7:  ldarg.0
IL_00d8:  ldc.i4.m1
IL_00d9:  dup
IL_00da:  stloc.0
IL_00db:  stfld      int32 AssemblyToProcess.Issue1/'<WithReaderAndWriter>d__0'::'<>1__state'
IL_00e0:  ldloca.s   V_5
IL_00e2:  call       instance !0 valuetype [netstandard]System.Runtime.CompilerServices.ConfiguredTaskAwaitable`1/ConfiguredTaskAwaiter<string>::GetResult()
IL_00e7:  dup
IL_00e8:  stloc.1
IL_00e9:  brtrue     IL_0013
IL_00ee:  leave.s    IL_0109
}  // end .try
catch [System.Runtime]System.Exception
{
IL_00f0:  stloc.s    V_6
IL_00f2:  ldarg.0
IL_00f3:  ldc.i4.s   -2
IL_00f5:  stfld      int32 AssemblyToProcess.Issue1/'<WithReaderAndWriter>d__0'::'<>1__state'
IL_00fa:  ldarg.0
IL_00fb:  ldflda     valuetype [System.Threading.Tasks]System.Runtime.CompilerServices.AsyncTaskMethodBuilder AssemblyToProcess.Issue1/'<WithReaderAndWriter>d__0'::'<>t__builder'
IL_0100:  ldloc.s    V_6
IL_0102:  call       instance void [System.Threading.Tasks]System.Runtime.CompilerServices.AsyncTaskMethodBuilder::SetException(class [System.Runtime]System.Exception)
IL_0107:  leave.s    IL_011c
}  // end handler
IL_0109:  ldarg.0
IL_010a:  ldc.i4.s   -2
IL_010c:  stfld      int32 AssemblyToProcess.Issue1/'<WithReaderAndWriter>d__0'::'<>1__state'
IL_0111:  ldarg.0
IL_0112:  ldflda     valuetype [System.Threading.Tasks]System.Runtime.CompilerServices.AsyncTaskMethodBuilder AssemblyToProcess.Issue1/'<WithReaderAndWriter>d__0'::'<>t__builder'
IL_0117:  call       instance void [System.Threading.Tasks]System.Runtime.CompilerServices.AsyncTaskMethodBuilder::SetResult()
IL_011c:  ret
}
.method private hidebysig newslot virtual final
instance void  SetStateMachine(class [System.Threading.Tasks]System.Runtime.CompilerServices.IAsyncStateMachine stateMachine) cil managed
{
.override [System.Threading.Tasks]System.Runtime.CompilerServices.IAsyncStateMachine::SetStateMachine
.maxstack  8
IL_0000:  ldarg.0
IL_0001:  ldflda     valuetype [System.Threading.Tasks]System.Runtime.CompilerServices.AsyncTaskMethodBuilder AssemblyToProcess.Issue1/'<WithReaderAndWriter>d__0'::'<>t__builder'
IL_0006:  ldarg.1
IL_0007:  call       instance void [System.Threading.Tasks]System.Runtime.CompilerServices.AsyncTaskMethodBuilder::SetStateMachine(class [System.Threading.Tasks]System.Runtime.CompilerServices.IAsyncStateMachine)
IL_000c:  ret
}
}
.class auto ansi sealed nested private beforefieldinit '<WithReaderAndWriter_WithValueTask>d__1'
extends [System.Runtime]System.ValueType
implements [System.Threading.Tasks]System.Runtime.CompilerServices.IAsyncStateMachine
{
.field public int32 '<>1__state'
.field public valuetype [System.Threading.Tasks]System.Runtime.CompilerServices.AsyncTaskMethodBuilder '<>t__builder'
.field public class [System.Runtime.Extensions]System.IO.TextWriter writer
.field public class [System.Runtime.Extensions]System.IO.StreamReader reader
.field private valuetype [System.Private.CoreLib]System.Runtime.CompilerServices.ConfiguredValueTaskAwaitable/ConfiguredValueTaskAwaiter '<>u__1'
.field private valuetype [System.Private.CoreLib]System.Runtime.CompilerServices.ConfiguredValueTaskAwaitable`1/ConfiguredValueTaskAwaiter<string> '<>u__2'
.method private hidebysig newslot virtual final
instance void  MoveNext() cil managed
{
.override [System.Threading.Tasks]System.Runtime.CompilerServices.IAsyncStateMachine::MoveNext
.maxstack  3
.locals init (int32 V_0,
string V_1,
valuetype [System.Private.CoreLib]System.Runtime.CompilerServices.ConfiguredValueTaskAwaitable/ConfiguredValueTaskAwaiter V_2,
valuetype [System.Private.CoreLib]System.Runtime.CompilerServices.ConfiguredValueTaskAwaitable V_3,
valuetype [System.Threading.Tasks.Extensions]System.Threading.Tasks.ValueTask V_4,
valuetype [System.Private.CoreLib]System.Runtime.CompilerServices.ConfiguredValueTaskAwaitable`1<string> V_5,
valuetype [System.Private.CoreLib]System.Runtime.CompilerServices.ConfiguredValueTaskAwaitable`1/ConfiguredValueTaskAwaiter<string> V_6,
valuetype [System.Threading.Tasks.Extensions]System.Threading.Tasks.ValueTask`1<string> V_7,
class [System.Runtime]System.Exception V_8)
IL_0000:  ldarg.0
IL_0001:  ldfld      int32 AssemblyToProcess.Issue1/'<WithReaderAndWriter_WithValueTask>d__1'::'<>1__state'
IL_0006:  stloc.0
.try
{
IL_0007:  ldloc.0
IL_0008:  brfalse.s  IL_0063
IL_000a:  ldloc.0
IL_000b:  ldc.i4.1
IL_000c:  beq        IL_00d5
IL_0011:  br.s       IL_0086
IL_0013:  ldarg.0
IL_0014:  ldfld      class [System.Runtime.Extensions]System.IO.TextWriter AssemblyToProcess.Issue1/'<WithReaderAndWriter_WithValueTask>d__1'::writer
IL_0019:  ldloc.1
IL_001a:  callvirt   instance class [System.Runtime]System.Threading.Tasks.Task [System.Runtime.Extensions]System.IO.TextWriter::WriteLineAsync(string)
IL_001f:  call       instance void [System.Private.CoreLib]System.Runtime.CompilerServices.ConfiguredValueTaskAwaitable::.ctor(valuetype [System.Private.CoreLib]System.Threading.Tasks.ValueTask)
IL_0024:  stloc.s    V_4
IL_0026:  ldloca.s   V_4
IL_0028:  ldc.i4.0
IL_0029:  callvirt   instance valuetype [System.Private.CoreLib]System.Runtime.CompilerServices.ConfiguredValueTaskAwaitable [System.Private.CoreLib]System.Threading.Tasks.ValueTask::ConfigureAwait(bool)
IL_002e:  stloc.3
IL_002f:  ldloca.s   V_3
IL_0031:  call       instance valuetype [System.Private.CoreLib]System.Runtime.CompilerServices.ConfiguredValueTaskAwaitable/ConfiguredValueTaskAwaiter [System.Private.CoreLib]System.Runtime.CompilerServices.ConfiguredValueTaskAwaitable::GetAwaiter()
IL_0036:  stloc.2
IL_0037:  ldloca.s   V_2
IL_0039:  call       instance bool [System.Private.CoreLib]System.Runtime.CompilerServices.ConfiguredValueTaskAwaitable/ConfiguredValueTaskAwaiter::get_IsCompleted()
IL_003e:  brtrue.s   IL_007f
IL_0040:  ldarg.0
IL_0041:  ldc.i4.0
IL_0042:  dup
IL_0043:  stloc.0
IL_0044:  stfld      int32 AssemblyToProcess.Issue1/'<WithReaderAndWriter_WithValueTask>d__1'::'<>1__state'
IL_0049:  ldarg.0
IL_004a:  ldloc.2
IL_004b:  stfld      valuetype [System.Private.CoreLib]System.Runtime.CompilerServices.ConfiguredValueTaskAwaitable/ConfiguredValueTaskAwaiter AssemblyToProcess.Issue1/'<WithReaderAndWriter_WithValueTask>d__1'::'<>u__1'
IL_0050:  ldarg.0
IL_0051:  ldflda     valuetype [System.Threading.Tasks]System.Runtime.CompilerServices.AsyncTaskMethodBuilder AssemblyToProcess.Issue1/'<WithReaderAndWriter_WithValueTask>d__1'::'<>t__builder'
IL_0056:  ldloca.s   V_2
IL_0058:  ldarg.0
IL_0059:  call       instance void [System.Threading.Tasks]System.Runtime.CompilerServices.AsyncTaskMethodBuilder::AwaitUnsafeOnCompleted<valuetype [System.Private.CoreLib]System.Runtime.CompilerServices.ConfiguredValueTaskAwaitable/ConfiguredValueTaskAwaiter,valuetype AssemblyToProcess.Issue1/'<WithReaderAndWriter_WithValueTask>d__1'>(!!0&,
!!1&)
IL_005e:  leave      IL_012e
IL_0063:  ldarg.0
IL_0064:  ldfld      valuetype [System.Private.CoreLib]System.Runtime.CompilerServices.ConfiguredValueTaskAwaitable/ConfiguredValueTaskAwaiter AssemblyToProcess.Issue1/'<WithReaderAndWriter_WithValueTask>d__1'::'<>u__1'
IL_0069:  stloc.2
IL_006a:  ldarg.0
IL_006b:  ldflda     valuetype [System.Private.CoreLib]System.Runtime.CompilerServices.ConfiguredValueTaskAwaitable/ConfiguredValueTaskAwaiter AssemblyToProcess.Issue1/'<WithReaderAndWriter_WithValueTask>d__1'::'<>u__1'
IL_0070:  initobj    [System.Private.CoreLib]System.Runtime.CompilerServices.ConfiguredValueTaskAwaitable/ConfiguredValueTaskAwaiter
IL_0076:  ldarg.0
IL_0077:  ldc.i4.m1
IL_0078:  dup
IL_0079:  stloc.0
IL_007a:  stfld      int32 AssemblyToProcess.Issue1/'<WithReaderAndWriter_WithValueTask>d__1'::'<>1__state'
IL_007f:  ldloca.s   V_2
IL_0081:  call       instance void [System.Private.CoreLib]System.Runtime.CompilerServices.ConfiguredValueTaskAwaitable/ConfiguredValueTaskAwaiter::GetResult()
IL_0086:  ldarg.0
IL_0087:  ldfld      class [System.Runtime.Extensions]System.IO.StreamReader AssemblyToProcess.Issue1/'<WithReaderAndWriter_WithValueTask>d__1'::reader
IL_008c:  callvirt   instance class [System.Runtime]System.Threading.Tasks.Task`1<string> [System.Runtime.Extensions]System.IO.TextReader::ReadLineAsync()
IL_0091:  call       instance void valuetype [System.Private.CoreLib]System.Runtime.CompilerServices.ConfiguredValueTaskAwaitable`1<string>::.ctor(valuetype [System.Private.CoreLib]System.Threading.Tasks.ValueTask`1<!0>)
IL_0096:  stloc.s    V_7
IL_0098:  ldloca.s   V_7
IL_009a:  ldc.i4.0
IL_009b:  callvirt   instance valuetype [System.Private.CoreLib]System.Runtime.CompilerServices.ConfiguredValueTaskAwaitable`1<!0> valuetype [System.Private.CoreLib]System.Threading.Tasks.ValueTask`1<string>::ConfigureAwait(bool)
IL_00a0:  stloc.s    V_5
IL_00a2:  ldloca.s   V_5
IL_00a4:  call       instance valuetype [System.Private.CoreLib]System.Runtime.CompilerServices.ConfiguredValueTaskAwaitable`1/ConfiguredValueTaskAwaiter<!0> valuetype [System.Private.CoreLib]System.Runtime.CompilerServices.ConfiguredValueTaskAwaitable`1<string>::GetAwaiter()
IL_00a9:  stloc.s    V_6
IL_00ab:  ldloca.s   V_6
IL_00ad:  call       instance bool valuetype [System.Private.CoreLib]System.Runtime.CompilerServices.ConfiguredValueTaskAwaitable`1/ConfiguredValueTaskAwaiter<string>::get_IsCompleted()
IL_00b2:  brtrue.s   IL_00f2
IL_00b4:  ldarg.0
IL_00b5:  ldc.i4.1
IL_00b6:  dup
IL_00b7:  stloc.0
IL_00b8:  stfld      int32 AssemblyToProcess.Issue1/'<WithReaderAndWriter_WithValueTask>d__1'::'<>1__state'
IL_00bd:  ldarg.0
IL_00be:  ldloc.s    V_6
IL_00c0:  stfld      valuetype [System.Private.CoreLib]System.Runtime.CompilerServices.ConfiguredValueTaskAwaitable`1/ConfiguredValueTaskAwaiter<string> AssemblyToProcess.Issue1/'<WithReaderAndWriter_WithValueTask>d__1'::'<>u__2'
IL_00c5:  ldarg.0
IL_00c6:  ldflda     valuetype [System.Threading.Tasks]System.Runtime.CompilerServices.AsyncTaskMethodBuilder AssemblyToProcess.Issue1/'<WithReaderAndWriter_WithValueTask>d__1'::'<>t__builder'
IL_00cb:  ldloca.s   V_6
IL_00cd:  ldarg.0
IL_00ce:  call       instance void [System.Threading.Tasks]System.Runtime.CompilerServices.AsyncTaskMethodBuilder::AwaitUnsafeOnCompleted<valuetype [System.Private.CoreLib]System.Runtime.CompilerServices.ConfiguredValueTaskAwaitable`1/ConfiguredValueTaskAwaiter<string>,valuetype AssemblyToProcess.Issue1/'<WithReaderAndWriter_WithValueTask>d__1'>(!!0&,
!!1&)
IL_00d3:  leave.s    IL_012e
IL_00d5:  ldarg.0
IL_00d6:  ldfld      valuetype [System.Private.CoreLib]System.Runtime.CompilerServices.ConfiguredValueTaskAwaitable`1/ConfiguredValueTaskAwaiter<string> AssemblyToProcess.Issue1/'<WithReaderAndWriter_WithValueTask>d__1'::'<>u__2'
IL_00db:  stloc.s    V_6
IL_00dd:  ldarg.0
IL_00de:  ldflda     valuetype [System.Private.CoreLib]System.Runtime.CompilerServices.ConfiguredValueTaskAwaitable`1/ConfiguredValueTaskAwaiter<string> AssemblyToProcess.Issue1/'<WithReaderAndWriter_WithValueTask>d__1'::'<>u__2'
IL_00e3:  initobj    valuetype [System.Private.CoreLib]System.Runtime.CompilerServices.ConfiguredValueTaskAwaitable`1/ConfiguredValueTaskAwaiter<string>
IL_00e9:  ldarg.0
IL_00ea:  ldc.i4.m1
IL_00eb:  dup
IL_00ec:  stloc.0
IL_00ed:  stfld      int32 AssemblyToProcess.Issue1/'<WithReaderAndWriter_WithValueTask>d__1'::'<>1__state'
IL_00f2:  ldloca.s   V_6
IL_00f4:  call       instance !0 valuetype [System.Private.CoreLib]System.Runtime.CompilerServices.ConfiguredValueTaskAwaitable`1/ConfiguredValueTaskAwaiter<string>::GetResult()
IL_00f9:  dup
IL_00fa:  stloc.1
IL_00fb:  brtrue     IL_0013
IL_0100:  leave.s    IL_011b
}  // end .try
catch [System.Runtime]System.Exception
{
IL_0102:  stloc.s    V_8
IL_0104:  ldarg.0
IL_0105:  ldc.i4.s   -2
IL_0107:  stfld      int32 AssemblyToProcess.Issue1/'<WithReaderAndWriter_WithValueTask>d__1'::'<>1__state'
IL_010c:  ldarg.0
IL_010d:  ldflda     valuetype [System.Threading.Tasks]System.Runtime.CompilerServices.AsyncTaskMethodBuilder AssemblyToProcess.Issue1/'<WithReaderAndWriter_WithValueTask>d__1'::'<>t__builder'
IL_0112:  ldloc.s    V_8
IL_0114:  call       instance void [System.Threading.Tasks]System.Runtime.CompilerServices.AsyncTaskMethodBuilder::SetException(class [System.Runtime]System.Exception)
IL_0119:  leave.s    IL_012e
}  // end handler
IL_011b:  ldarg.0
IL_011c:  ldc.i4.s   -2
IL_011e:  stfld      int32 AssemblyToProcess.Issue1/'<WithReaderAndWriter_WithValueTask>d__1'::'<>1__state'
IL_0123:  ldarg.0
IL_0124:  ldflda     valuetype [System.Threading.Tasks]System.Runtime.CompilerServices.AsyncTaskMethodBuilder AssemblyToProcess.Issue1/'<WithReaderAndWriter_WithValueTask>d__1'::'<>t__builder'
IL_0129:  call       instance void [System.Threading.Tasks]System.Runtime.CompilerServices.AsyncTaskMethodBuilder::SetResult()
IL_012e:  ret
}
.method private hidebysig newslot virtual final
instance void  SetStateMachine(class [System.Threading.Tasks]System.Runtime.CompilerServices.IAsyncStateMachine stateMachine) cil managed
{
.override [System.Threading.Tasks]System.Runtime.CompilerServices.IAsyncStateMachine::SetStateMachine
.maxstack  8
IL_0000:  ldarg.0
IL_0001:  ldflda     valuetype [System.Threading.Tasks]System.Runtime.CompilerServices.AsyncTaskMethodBuilder AssemblyToProcess.Issue1/'<WithReaderAndWriter_WithValueTask>d__1'::'<>t__builder'
IL_0006:  ldarg.1
IL_0007:  call       instance void [System.Threading.Tasks]System.Runtime.CompilerServices.AsyncTaskMethodBuilder::SetStateMachine(class [System.Threading.Tasks]System.Runtime.CompilerServices.IAsyncStateMachine)
IL_000c:  ret
}
}
.method private hidebysig instance class [System.Runtime]System.Threading.Tasks.Task
WithReaderAndWriter(class [System.Runtime.Extensions]System.IO.TextWriter writer,
class [System.Runtime.Extensions]System.IO.StreamReader reader) cil managed
{
63 65 73 73 2E 49 73 73 75 65 31 2B 3C 57 69 74   // cess.Issue1+<Wit
68 52 65 61 64 65 72 41 6E 64 57 72 69 74 65 72   // hReaderAndWriter
3E 64 5F 5F 30 00 00 )                            // >d__0..
.maxstack  2
.locals init (valuetype AssemblyToProcess.Issue1/'<WithReaderAndWriter>d__0' V_0,
valuetype [System.Threading.Tasks]System.Runtime.CompilerServices.AsyncTaskMethodBuilder V_1)
IL_0000:  ldloca.s   V_0
IL_0002:  ldarg.1
IL_0003:  stfld      class [System.Runtime.Extensions]System.IO.TextWriter AssemblyToProcess.Issue1/'<WithReaderAndWriter>d__0'::writer
IL_0008:  ldloca.s   V_0
IL_000a:  ldarg.2
IL_000b:  stfld      class [System.Runtime.Extensions]System.IO.StreamReader AssemblyToProcess.Issue1/'<WithReaderAndWriter>d__0'::reader
IL_0010:  ldloca.s   V_0
IL_0012:  call       valuetype [System.Threading.Tasks]System.Runtime.CompilerServices.AsyncTaskMethodBuilder [System.Threading.Tasks]System.Runtime.CompilerServices.AsyncTaskMethodBuilder::Create()
IL_0017:  stfld      valuetype [System.Threading.Tasks]System.Runtime.CompilerServices.AsyncTaskMethodBuilder AssemblyToProcess.Issue1/'<WithReaderAndWriter>d__0'::'<>t__builder'
IL_001c:  ldloca.s   V_0
IL_001e:  ldc.i4.m1
IL_001f:  stfld      int32 AssemblyToProcess.Issue1/'<WithReaderAndWriter>d__0'::'<>1__state'
IL_0024:  ldloc.0
IL_0025:  ldfld      valuetype [System.Threading.Tasks]System.Runtime.CompilerServices.AsyncTaskMethodBuilder AssemblyToProcess.Issue1/'<WithReaderAndWriter>d__0'::'<>t__builder'
IL_002a:  stloc.1
IL_002b:  ldloca.s   V_1
IL_002d:  ldloca.s   V_0
IL_002f:  call       instance void [System.Threading.Tasks]System.Runtime.CompilerServices.AsyncTaskMethodBuilder::Start<valuetype AssemblyToProcess.Issue1/'<WithReaderAndWriter>d__0'>(!!0&)
IL_0034:  ldloca.s   V_0
IL_0036:  ldflda     valuetype [System.Threading.Tasks]System.Runtime.CompilerServices.AsyncTaskMethodBuilder AssemblyToProcess.Issue1/'<WithReaderAndWriter>d__0'::'<>t__builder'
IL_003b:  call       instance class [System.Runtime]System.Threading.Tasks.Task [System.Threading.Tasks]System.Runtime.CompilerServices.AsyncTaskMethodBuilder::get_Task()
IL_0040:  ret
}
.method private hidebysig instance class [System.Runtime]System.Threading.Tasks.Task
WithReaderAndWriter_WithValueTask(class [System.Runtime.Extensions]System.IO.TextWriter writer,
class [System.Runtime.Extensions]System.IO.StreamReader reader) cil managed
{
63 65 73 73 2E 49 73 73 75 65 31 2B 3C 57 69 74   // cess.Issue1+<Wit
68 52 65 61 64 65 72 41 6E 64 57 72 69 74 65 72   // hReaderAndWriter
5F 57 69 74 68 56 61 6C 75 65 54 61 73 6B 3E 64   // _WithValueTask>d
5F 5F 31 00 00 )                                  // __1..
.maxstack  2
.locals init (valuetype AssemblyToProcess.Issue1/'<WithReaderAndWriter_WithValueTask>d__1' V_0,
valuetype [System.Threading.Tasks]System.Runtime.CompilerServices.AsyncTaskMethodBuilder V_1)
IL_0000:  ldloca.s   V_0
IL_0002:  ldarg.1
IL_0003:  stfld      class [System.Runtime.Extensions]System.IO.TextWriter AssemblyToProcess.Issue1/'<WithReaderAndWriter_WithValueTask>d__1'::writer
IL_0008:  ldloca.s   V_0
IL_000a:  ldarg.2
IL_000b:  stfld      class [System.Runtime.Extensions]System.IO.StreamReader AssemblyToProcess.Issue1/'<WithReaderAndWriter_WithValueTask>d__1'::reader
IL_0010:  ldloca.s   V_0
IL_0012:  call       valuetype [System.Threading.Tasks]System.Runtime.CompilerServices.AsyncTaskMethodBuilder [System.Threading.Tasks]System.Runtime.CompilerServices.AsyncTaskMethodBuilder::Create()
IL_0017:  stfld      valuetype [System.Threading.Tasks]System.Runtime.CompilerServices.AsyncTaskMethodBuilder AssemblyToProcess.Issue1/'<WithReaderAndWriter_WithValueTask>d__1'::'<>t__builder'
IL_001c:  ldloca.s   V_0
IL_001e:  ldc.i4.m1
IL_001f:  stfld      int32 AssemblyToProcess.Issue1/'<WithReaderAndWriter_WithValueTask>d__1'::'<>1__state'
IL_0024:  ldloc.0
IL_0025:  ldfld      valuetype [System.Threading.Tasks]System.Runtime.CompilerServices.AsyncTaskMethodBuilder AssemblyToProcess.Issue1/'<WithReaderAndWriter_WithValueTask>d__1'::'<>t__builder'
IL_002a:  stloc.1
IL_002b:  ldloca.s   V_1
IL_002d:  ldloca.s   V_0
IL_002f:  call       instance void [System.Threading.Tasks]System.Runtime.CompilerServices.AsyncTaskMethodBuilder::Start<valuetype AssemblyToProcess.Issue1/'<WithReaderAndWriter_WithValueTask>d__1'>(!!0&)
IL_0034:  ldloca.s   V_0
IL_0036:  ldflda     valuetype [System.Threading.Tasks]System.Runtime.CompilerServices.AsyncTaskMethodBuilder AssemblyToProcess.Issue1/'<WithReaderAndWriter_WithValueTask>d__1'::'<>t__builder'
IL_003b:  call       instance class [System.Runtime]System.Threading.Tasks.Task [System.Threading.Tasks]System.Runtime.CompilerServices.AsyncTaskMethodBuilder::get_Task()
IL_0040:  ret
}
.method public hidebysig specialname rtspecialname
instance void  .ctor() cil managed
{
.maxstack  8
IL_0000:  ldarg.0
IL_0001:  call       instance void [System.Runtime]System.Object::.ctor()
IL_0006:  ret
}
}
