Warning[0] = ConfigureAwaitAttribute applied to non-async method 'System.Void AssemblyToProcess.AttributeAppliedToNormalMethod::NormalMethod()'.
