Info[0] = 	Removing reference to 'ConfigureAwait'.
