.class private auto ansi beforefieldinit AssemblyToProcess.Issue1
       extends [mscorlib]System.Object
{
  .class auto ansi sealed nested private beforefieldinit '<WithReaderAndWriter>d__0'
         extends [mscorlib]System.Object
         implements [mscorlib]System.Runtime.CompilerServices.IAsyncStateMachine
  {
    .field public int32 '<>1__state'
    .field public valuetype [mscorlib]System.Runtime.CompilerServices.AsyncTaskMethodBuilder '<>t__builder'
    .field public class [mscorlib]System.IO.TextWriter writer
    .field public class [mscorlib]System.IO.StreamReader reader
    .field public class AssemblyToProcess.Issue1 '<>4__this'
    .field private string '<line>5__1'
    .field private string '<>s__2'
    .field private valuetype [mscorlib]System.Runtime.CompilerServices.ConfiguredTaskAwaitable/ConfiguredTaskAwaiter '<>u__1'
    .field private valuetype [mscorlib]System.Runtime.CompilerServices.ConfiguredTaskAwaitable`1/ConfiguredTaskAwaiter<string> '<>u__2'
    .method public hidebysig specialname rtspecialname 
            instance void  .ctor() cil managed
    {
      // Code size       8 (0x8)
      .maxstack  8
      IL_0000:  ldarg.0
      IL_0001:  call       instance void [mscorlib]System.Object::.ctor()
      IL_0006:  nop
      IL_0007:  ret
    } // end of method '<WithReaderAndWriter>d__0'::.ctor
    .method private hidebysig newslot virtual final 
            instance void  MoveNext() cil managed
    {
      .override [mscorlib]System.Runtime.CompilerServices.IAsyncStateMachine::MoveNext
      // Code size       350 (0x15e)
      .maxstack  3
      .locals init (int32 V_0,
               valuetype [mscorlib]System.Runtime.CompilerServices.ConfiguredTaskAwaitable/ConfiguredTaskAwaiter V_1,
               valuetype [mscorlib]System.Runtime.CompilerServices.ConfiguredTaskAwaitable V_2,
               class AssemblyToProcess.Issue1/'<WithReaderAndWriter>d__0' V_3,
               bool V_4,
               valuetype [mscorlib]System.Runtime.CompilerServices.ConfiguredTaskAwaitable`1<string> V_5,
               valuetype [mscorlib]System.Runtime.CompilerServices.ConfiguredTaskAwaitable`1/ConfiguredTaskAwaiter<string> V_6,
               string V_7,
               class [mscorlib]System.Exception V_8)
      IL_0000:  ldarg.0
      IL_0001:  ldfld      int32 AssemblyToProcess.Issue1/'<WithReaderAndWriter>d__0'::'<>1__state'
      IL_0006:  stloc.0
      .try
      {
        IL_0007:  ldloc.0
        IL_0008:  brfalse.s  IL_0012
        IL_000a:  br.s       IL_000c
        IL_000c:  ldloc.0
        IL_000d:  ldc.i4.1
        IL_000e:  beq.s      IL_0014
        IL_0010:  br.s       IL_0019
        IL_0012:  br.s       IL_006d
        IL_0014:  br         IL_00df
        IL_0019:  nop
        IL_001a:  br.s       IL_0092
        IL_001c:  nop
        IL_001d:  ldarg.0
        IL_001e:  ldfld      class [mscorlib]System.IO.TextWriter AssemblyToProcess.Issue1/'<WithReaderAndWriter>d__0'::writer
        IL_0023:  ldarg.0
        IL_0024:  ldfld      string AssemblyToProcess.Issue1/'<WithReaderAndWriter>d__0'::'<line>5__1'
        IL_0029:  callvirt   instance class [mscorlib]System.Threading.Tasks.Task [mscorlib]System.IO.TextWriter::WriteLineAsync(string)
        IL_002e:  ldc.i4.0
        IL_002f:  callvirt   instance valuetype [mscorlib]System.Runtime.CompilerServices.ConfiguredTaskAwaitable [mscorlib]System.Threading.Tasks.Task::ConfigureAwait(bool)
        IL_0034:  stloc.2
        IL_0035:  ldloca.s   V_2
        IL_0037:  call       instance valuetype [mscorlib]System.Runtime.CompilerServices.ConfiguredTaskAwaitable/ConfiguredTaskAwaiter [mscorlib]System.Runtime.CompilerServices.ConfiguredTaskAwaitable::GetAwaiter()
        IL_003c:  stloc.1
        IL_003d:  ldloca.s   V_1
        IL_003f:  call       instance bool [mscorlib]System.Runtime.CompilerServices.ConfiguredTaskAwaitable/ConfiguredTaskAwaiter::get_IsCompleted()
        IL_0044:  brtrue.s   IL_0089
        IL_0046:  ldarg.0
        IL_0047:  ldc.i4.0
        IL_0048:  dup
        IL_0049:  stloc.0
        IL_004a:  stfld      int32 AssemblyToProcess.Issue1/'<WithReaderAndWriter>d__0'::'<>1__state'
        IL_004f:  ldarg.0
        IL_0050:  ldloc.1
        IL_0051:  stfld      valuetype [mscorlib]System.Runtime.CompilerServices.ConfiguredTaskAwaitable/ConfiguredTaskAwaiter AssemblyToProcess.Issue1/'<WithReaderAndWriter>d__0'::'<>u__1'
        IL_0056:  ldarg.0
        IL_0057:  stloc.3
        IL_0058:  ldarg.0
        IL_0059:  ldflda     valuetype [mscorlib]System.Runtime.CompilerServices.AsyncTaskMethodBuilder AssemblyToProcess.Issue1/'<WithReaderAndWriter>d__0'::'<>t__builder'
        IL_005e:  ldloca.s   V_1
        IL_0060:  ldloca.s   V_3
        IL_0062:  call       instance void [mscorlib]System.Runtime.CompilerServices.AsyncTaskMethodBuilder::AwaitUnsafeOnCompleted<valuetype [mscorlib]System.Runtime.CompilerServices.ConfiguredTaskAwaitable/ConfiguredTaskAwaiter,class AssemblyToProcess.Issue1/'<WithReaderAndWriter>d__0'>(!!0&,
                                                                                                                                                                                                                                                                                                  !!1&)
        IL_0067:  nop
        IL_0068:  leave      IL_015d
        IL_006d:  ldarg.0
        IL_006e:  ldfld      valuetype [mscorlib]System.Runtime.CompilerServices.ConfiguredTaskAwaitable/ConfiguredTaskAwaiter AssemblyToProcess.Issue1/'<WithReaderAndWriter>d__0'::'<>u__1'
        IL_0073:  stloc.1
        IL_0074:  ldarg.0
        IL_0075:  ldflda     valuetype [mscorlib]System.Runtime.CompilerServices.ConfiguredTaskAwaitable/ConfiguredTaskAwaiter AssemblyToProcess.Issue1/'<WithReaderAndWriter>d__0'::'<>u__1'
        IL_007a:  initobj    [mscorlib]System.Runtime.CompilerServices.ConfiguredTaskAwaitable/ConfiguredTaskAwaiter
        IL_0080:  ldarg.0
        IL_0081:  ldc.i4.m1
        IL_0082:  dup
        IL_0083:  stloc.0
        IL_0084:  stfld      int32 AssemblyToProcess.Issue1/'<WithReaderAndWriter>d__0'::'<>1__state'
        IL_0089:  ldloca.s   V_1
        IL_008b:  call       instance void [mscorlib]System.Runtime.CompilerServices.ConfiguredTaskAwaitable/ConfiguredTaskAwaiter::GetResult()
        IL_0090:  nop
        IL_0091:  nop
        IL_0092:  ldarg.0
        IL_0093:  ldfld      class [mscorlib]System.IO.StreamReader AssemblyToProcess.Issue1/'<WithReaderAndWriter>d__0'::reader
        IL_0098:  callvirt   instance class [mscorlib]System.Threading.Tasks.Task`1<string> [mscorlib]System.IO.TextReader::ReadLineAsync()
        IL_009d:  ldc.i4.0
        IL_009e:  callvirt   instance valuetype [mscorlib]System.Runtime.CompilerServices.ConfiguredTaskAwaitable`1<!0> class [mscorlib]System.Threading.Tasks.Task`1<string>::ConfigureAwait(bool)
        IL_00a3:  stloc.s    V_5
        IL_00a5:  ldloca.s   V_5
        IL_00a7:  call       instance valuetype [mscorlib]System.Runtime.CompilerServices.ConfiguredTaskAwaitable`1/ConfiguredTaskAwaiter<!0> valuetype [mscorlib]System.Runtime.CompilerServices.ConfiguredTaskAwaitable`1<string>::GetAwaiter()
        IL_00ac:  stloc.s    V_6
        IL_00ae:  ldloca.s   V_6
        IL_00b0:  call       instance bool valuetype [mscorlib]System.Runtime.CompilerServices.ConfiguredTaskAwaitable`1/ConfiguredTaskAwaiter<string>::get_IsCompleted()
        IL_00b5:  brtrue.s   IL_00fc
        IL_00b7:  ldarg.0
        IL_00b8:  ldc.i4.1
        IL_00b9:  dup
        IL_00ba:  stloc.0
        IL_00bb:  stfld      int32 AssemblyToProcess.Issue1/'<WithReaderAndWriter>d__0'::'<>1__state'
        IL_00c0:  ldarg.0
        IL_00c1:  ldloc.s    V_6
        IL_00c3:  stfld      valuetype [mscorlib]System.Runtime.CompilerServices.ConfiguredTaskAwaitable`1/ConfiguredTaskAwaiter<string> AssemblyToProcess.Issue1/'<WithReaderAndWriter>d__0'::'<>u__2'
        IL_00c8:  ldarg.0
        IL_00c9:  stloc.3
        IL_00ca:  ldarg.0
        IL_00cb:  ldflda     valuetype [mscorlib]System.Runtime.CompilerServices.AsyncTaskMethodBuilder AssemblyToProcess.Issue1/'<WithReaderAndWriter>d__0'::'<>t__builder'
        IL_00d0:  ldloca.s   V_6
        IL_00d2:  ldloca.s   V_3
        IL_00d4:  call       instance void [mscorlib]System.Runtime.CompilerServices.AsyncTaskMethodBuilder::AwaitUnsafeOnCompleted<valuetype [mscorlib]System.Runtime.CompilerServices.ConfiguredTaskAwaitable`1/ConfiguredTaskAwaiter<string>,class AssemblyToProcess.Issue1/'<WithReaderAndWriter>d__0'>(!!0&,
                                                                                                                                                                                                                                                                                                            !!1&)
        IL_00d9:  nop
        IL_00da:  leave      IL_015d
        IL_00df:  ldarg.0
        IL_00e0:  ldfld      valuetype [mscorlib]System.Runtime.CompilerServices.ConfiguredTaskAwaitable`1/ConfiguredTaskAwaiter<string> AssemblyToProcess.Issue1/'<WithReaderAndWriter>d__0'::'<>u__2'
        IL_00e5:  stloc.s    V_6
        IL_00e7:  ldarg.0
        IL_00e8:  ldflda     valuetype [mscorlib]System.Runtime.CompilerServices.ConfiguredTaskAwaitable`1/ConfiguredTaskAwaiter<string> AssemblyToProcess.Issue1/'<WithReaderAndWriter>d__0'::'<>u__2'
        IL_00ed:  initobj    valuetype [mscorlib]System.Runtime.CompilerServices.ConfiguredTaskAwaitable`1/ConfiguredTaskAwaiter<string>
        IL_00f3:  ldarg.0
        IL_00f4:  ldc.i4.m1
        IL_00f5:  dup
        IL_00f6:  stloc.0
        IL_00f7:  stfld      int32 AssemblyToProcess.Issue1/'<WithReaderAndWriter>d__0'::'<>1__state'
        IL_00fc:  ldarg.0
        IL_00fd:  ldloca.s   V_6
        IL_00ff:  call       instance !0 valuetype [mscorlib]System.Runtime.CompilerServices.ConfiguredTaskAwaitable`1/ConfiguredTaskAwaiter<string>::GetResult()
        IL_0104:  stfld      string AssemblyToProcess.Issue1/'<WithReaderAndWriter>d__0'::'<>s__2'
        IL_0109:  ldarg.0
        IL_010a:  ldarg.0
        IL_010b:  ldfld      string AssemblyToProcess.Issue1/'<WithReaderAndWriter>d__0'::'<>s__2'
        IL_0110:  dup
        IL_0111:  stloc.s    V_7
        IL_0113:  stfld      string AssemblyToProcess.Issue1/'<WithReaderAndWriter>d__0'::'<line>5__1'
        IL_0118:  ldloc.s    V_7
        IL_011a:  ldnull
        IL_011b:  cgt.un
        IL_011d:  stloc.s    V_4
        IL_011f:  ldloc.s    V_4
        IL_0121:  brtrue     IL_001c
        IL_0126:  ldarg.0
        IL_0127:  ldnull
        IL_0128:  stfld      string AssemblyToProcess.Issue1/'<WithReaderAndWriter>d__0'::'<>s__2'
        IL_012d:  leave.s    IL_0149
      }  // end .try
      catch [mscorlib]System.Exception 
      {
        IL_012f:  stloc.s    V_8
        IL_0131:  ldarg.0
        IL_0132:  ldc.i4.s   -2
        IL_0134:  stfld      int32 AssemblyToProcess.Issue1/'<WithReaderAndWriter>d__0'::'<>1__state'
        IL_0139:  ldarg.0
        IL_013a:  ldflda     valuetype [mscorlib]System.Runtime.CompilerServices.AsyncTaskMethodBuilder AssemblyToProcess.Issue1/'<WithReaderAndWriter>d__0'::'<>t__builder'
        IL_013f:  ldloc.s    V_8
        IL_0141:  call       instance void [mscorlib]System.Runtime.CompilerServices.AsyncTaskMethodBuilder::SetException(class [mscorlib]System.Exception)
        IL_0146:  nop
        IL_0147:  leave.s    IL_015d
      }  // end handler
      IL_0149:  ldarg.0
      IL_014a:  ldc.i4.s   -2
      IL_014c:  stfld      int32 AssemblyToProcess.Issue1/'<WithReaderAndWriter>d__0'::'<>1__state'
      IL_0151:  ldarg.0
      IL_0152:  ldflda     valuetype [mscorlib]System.Runtime.CompilerServices.AsyncTaskMethodBuilder AssemblyToProcess.Issue1/'<WithReaderAndWriter>d__0'::'<>t__builder'
      IL_0157:  call       instance void [mscorlib]System.Runtime.CompilerServices.AsyncTaskMethodBuilder::SetResult()
      IL_015c:  nop
      IL_015d:  ret
    } // end of method '<WithReaderAndWriter>d__0'::MoveNext
    .method private hidebysig newslot virtual final 
            instance void  SetStateMachine(class [mscorlib]System.Runtime.CompilerServices.IAsyncStateMachine stateMachine) cil managed
    {
      .override [mscorlib]System.Runtime.CompilerServices.IAsyncStateMachine::SetStateMachine
      // Code size       1 (0x1)
      .maxstack  8
      IL_0000:  ret
    } // end of method '<WithReaderAndWriter>d__0'::SetStateMachine
  } 
  .method private hidebysig instance class [mscorlib]System.Threading.Tasks.Task 
          WithReaderAndWriter(class [mscorlib]System.IO.TextWriter writer,
                              class [mscorlib]System.IO.StreamReader reader) cil managed
  {
                                                                                                                                       63 65 73 73 2E 49 73 73 75 65 31 2B 3C 57 69 74   // cess.Issue1+<Wit
                                                                                                                                       68 52 65 61 64 65 72 41 6E 64 57 72 69 74 65 72   // hReaderAndWriter
                                                                                                                                       3E 64 5F 5F 30 00 00 )                            // >d__0..
    // Code size       73 (0x49)
    .maxstack  2
    .locals init (class AssemblyToProcess.Issue1/'<WithReaderAndWriter>d__0' V_0,
             valuetype [mscorlib]System.Runtime.CompilerServices.AsyncTaskMethodBuilder V_1)
    IL_0000:  newobj     instance void AssemblyToProcess.Issue1/'<WithReaderAndWriter>d__0'::.ctor()
    IL_0005:  stloc.0
    IL_0006:  ldloc.0
    IL_0007:  ldarg.0
    IL_0008:  stfld      class AssemblyToProcess.Issue1 AssemblyToProcess.Issue1/'<WithReaderAndWriter>d__0'::'<>4__this'
    IL_000d:  ldloc.0
    IL_000e:  ldarg.1
    IL_000f:  stfld      class [mscorlib]System.IO.TextWriter AssemblyToProcess.Issue1/'<WithReaderAndWriter>d__0'::writer
    IL_0014:  ldloc.0
    IL_0015:  ldarg.2
    IL_0016:  stfld      class [mscorlib]System.IO.StreamReader AssemblyToProcess.Issue1/'<WithReaderAndWriter>d__0'::reader
    IL_001b:  ldloc.0
    IL_001c:  call       valuetype [mscorlib]System.Runtime.CompilerServices.AsyncTaskMethodBuilder [mscorlib]System.Runtime.CompilerServices.AsyncTaskMethodBuilder::Create()
    IL_0021:  stfld      valuetype [mscorlib]System.Runtime.CompilerServices.AsyncTaskMethodBuilder AssemblyToProcess.Issue1/'<WithReaderAndWriter>d__0'::'<>t__builder'
    IL_0026:  ldloc.0
    IL_0027:  ldc.i4.m1
    IL_0028:  stfld      int32 AssemblyToProcess.Issue1/'<WithReaderAndWriter>d__0'::'<>1__state'
    IL_002d:  ldloc.0
    IL_002e:  ldfld      valuetype [mscorlib]System.Runtime.CompilerServices.AsyncTaskMethodBuilder AssemblyToProcess.Issue1/'<WithReaderAndWriter>d__0'::'<>t__builder'
    IL_0033:  stloc.1
    IL_0034:  ldloca.s   V_1
    IL_0036:  ldloca.s   V_0
    IL_0038:  call       instance void [mscorlib]System.Runtime.CompilerServices.AsyncTaskMethodBuilder::Start<class AssemblyToProcess.Issue1/'<WithReaderAndWriter>d__0'>(!!0&)
    IL_003d:  ldloc.0
    IL_003e:  ldflda     valuetype [mscorlib]System.Runtime.CompilerServices.AsyncTaskMethodBuilder AssemblyToProcess.Issue1/'<WithReaderAndWriter>d__0'::'<>t__builder'
    IL_0043:  call       instance class [mscorlib]System.Threading.Tasks.Task [mscorlib]System.Runtime.CompilerServices.AsyncTaskMethodBuilder::get_Task()
    IL_0048:  ret
  } 
  .method public hidebysig specialname rtspecialname 
          instance void  .ctor() cil managed
  {
    // Code size       8 (0x8)
    .maxstack  8
    IL_0000:  ldarg.0
    IL_0001:  call       instance void [mscorlib]System.Object::.ctor()
    IL_0006:  nop
    IL_0007:  ret
  } 
}
